// Jest Snapshot v1, https://goo.gl/fbAQLP

exports[`matches snapshot 1`] = `
<DocumentFragment>
  <h2>
    Box list
  </h2>
  <form>
    <label
      for="7394907a-ba13-40d7-8d2d-a4df2463fc3f"
    >
      Background: 
    </label>
    <input
      id="7394907a-ba13-40d7-8d2d-a4df2463fc3f"
      name="backgroundColor"
      placeholder=" Enter Background Color"
      type="text"
      value=""
    />
    <label
      for="78fff0a4-4665-42ff-beae-59f217202525"
    >
      Width: 
    </label>
    <input
      id="78fff0a4-4665-42ff-beae-59f217202525"
      name="width"
      placeholder=" Enter width value, e.g. 140px"
      type="text"
      value=""
    />
    <label
      for="a68f0abc-b0b9-4e07-aa68-4dd7536e7c92"
    >
      Height: 
    </label>
    <input
      id="a68f0abc-b0b9-4e07-aa68-4dd7536e7c92"
      name="height"
      placeholder=" Enter height value, e.g. 240px"
      type="text"
      value=""
    />
    <button
      type="submit"
    >
      Add box!
    </button>
  </form>
  <div />
</DocumentFragment>
`;
